[    0.000000] Linux version 4.15.0-55-generic (buildd@lcy01-amd64-029) (gcc version 7.4.0 (Ubuntu 7.4.0-1ubuntu1~18.04.1)) #60-Ubuntu SMP Tue Jul 2 18:22:20 UTC 2019 (Ubuntu 4.15.0-55.60-generic 4.15.18)
[    0.000000] Command line: BOOT_IMAGE=/boot/vmlinuz-4.15.0-55-generic root=UUID=3364ebc8-7e32-4850-8391-76f1de97f453 ro console=tty1 console=ttyS0
[    0.000000] KERNEL supported cpus:
[    0.000000]   Intel GenuineIntel
[    0.000000]   AMD AuthenticAMD
[    0.000000]   Centaur CentaurHauls
[    0.000000] x86/fpu: Supporting XSAVE feature 0x001: 'x87 floating point registers'
[    0.000000] x86/fpu: Supporting XSAVE feature 0x002: 'SSE registers'
[    0.000000] x86/fpu: Supporting XSAVE feature 0x004: 'AVX registers'
[    0.000000] x86/fpu: xstate_offset[2]:  576, xstate_sizes[2]:  256
[    0.000000] x86/fpu: Enabled xstate features 0x7, context size is 832 bytes, using 'standard' format.
[    0.000000] e820: BIOS-provided physical RAM map:
[    0.000000] BIOS-e820: [mem 0x0000000000000000-0x000000000009fbff] usable
[    0.000000] BIOS-e820: [mem 0x000000000009fc00-0x000000000009ffff] reserved
[    0.000000] BIOS-e820: [mem 0x00000000000f0000-0x00000000000fffff] reserved
[    0.000000] BIOS-e820: [mem 0x0000000000100000-0x000000007ffeffff] usable
[    0.000000] BIOS-e820: [mem 0x000000007fff0000-0x000000007fffffff] ACPI data
[    0.000000] BIOS-e820: [mem 0x00000000fec00000-0x00000000fec00fff] reserved
[    0.000000] BIOS-e820: [mem 0x00000000fee00000-0x00000000fee00fff] reserved
[    0.000000] BIOS-e820: [mem 0x00000000fffc0000-0x00000000ffffffff] reserved
[    0.000000] NX (Execute Disable) protection: active
[    0.000000] SMBIOS 2.5 present.
[    0.000000] DMI: innotek GmbH VirtualBox/VirtualBox, BIOS VirtualBox 12/01/2006
[    0.000000] Hypervisor detected: KVM
[    0.000000] e820: last_pfn = 0x7fff0 max_arch_pfn = 0x400000000
[    0.000000] MTRR: Disabled
[    0.000000] x86/PAT: MTRRs disabled, skipping PAT initialization too.
[    0.000000] CPU MTRRs all blank - virtualized system.
[    0.000000] x86/PAT: Configuration [0-7]: WB  WT  UC- UC  WB  WT  UC- UC  
[    0.000000] found SMP MP-table at [mem 0x0009fff0-0x0009ffff] mapped at [        (ptrval)]
[    0.000000] Scanning 1 areas for low memory corruption
[    0.000000] RAMDISK: [mem 0x3598b000-0x36cbcfff]
[    0.000000] ACPI: Early table checksum verification disabled
[    0.000000] ACPI: RSDP 0x00000000000E0000 000024 (v02 VBOX  )
[    0.000000] ACPI: XSDT 0x000000007FFF0030 00003C (v01 VBOX   VBOXXSDT 00000001 ASL  00000061)
[    0.000000] ACPI: FACP 0x000000007FFF00F0 0000F4 (v04 VBOX   VBOXFACP 00000001 ASL  00000061)
[    0.000000] ACPI: DSDT 0x000000007FFF0470 0022EA (v02 VBOX   VBOXBIOS 00000002 INTL 20100528)
[    0.000000] ACPI: FACS 0x000000007FFF0200 000040
[    0.000000] ACPI: FACS 0x000000007FFF0200 000040
[    0.000000] ACPI: APIC 0x000000007FFF0240 00005C (v02 VBOX   VBOXAPIC 00000001 ASL  00000061)
[    0.000000] ACPI: SSDT 0x000000007FFF02A0 0001CC (v01 VBOX   VBOXCPUT 00000002 INTL 20100528)
[    0.000000] No NUMA configuration found
[    0.000000] Faking a node at [mem 0x0000000000000000-0x000000007ffeffff]
[    0.000000] NODE_DATA(0) allocated [mem 0x7ffc5000-0x7ffeffff]
[    0.000000] kvm-clock: cpu 0, msr 0:7ff44001, primary cpu clock
[    0.000000] kvm-clock: Using msrs 4b564d01 and 4b564d00
[    0.000000] kvm-clock: using sched offset of 3829672960 cycles
[    0.000000] clocksource: kvm-clock: mask: 0xffffffffffffffff max_cycles: 0x1cd42e4dffb, max_idle_ns: 881590591483 ns
[    0.000000] Zone ranges:
[    0.000000]   DMA      [mem 0x0000000000001000-0x0000000000ffffff]
[    0.000000]   DMA32    [mem 0x0000000001000000-0x000000007ffeffff]
[    0.000000]   Normal   empty
[    0.000000]   Device   empty
[    0.000000] Movable zone start for each node
[    0.000000] Early memory node ranges
[    0.000000]   node   0: [mem 0x0000000000001000-0x000000000009efff]
[    0.000000]   node   0: [mem 0x0000000000100000-0x000000007ffeffff]
[    0.000000] Reserved but unavailable: 114 pages
[    0.000000] Initmem setup node 0 [mem 0x0000000000001000-0x000000007ffeffff]
[    0.000000] ACPI: PM-Timer IO Port: 0x4008
[    0.000000] IOAPIC[0]: apic_id 2, version 32, address 0xfec00000, GSI 0-23
[    0.000000] ACPI: INT_SRC_OVR (bus 0 bus_irq 0 global_irq 2 dfl dfl)
[    0.000000] ACPI: INT_SRC_OVR (bus 0 bus_irq 9 global_irq 9 low level)
[    0.000000] Using ACPI (MADT) for SMP configuration information
[    0.000000] smpboot: Allowing 2 CPUs, 0 hotplug CPUs
[    0.000000] PM: Registered nosave memory: [mem 0x00000000-0x00000fff]
[    0.000000] PM: Registered nosave memory: [mem 0x0009f000-0x0009ffff]
[    0.000000] PM: Registered nosave memory: [mem 0x000a0000-0x000effff]
[    0.000000] PM: Registered nosave memory: [mem 0x000f0000-0x000fffff]
[    0.000000] e820: [mem 0x80000000-0xfebfffff] available for PCI devices
[    0.000000] Booting paravirtualized kernel on KVM
[    0.000000] clocksource: refined-jiffies: mask: 0xffffffff max_cycles: 0xffffffff, max_idle_ns: 7645519600211568 ns
[    0.000000] random: get_random_bytes called from start_kernel+0x99/0x4fd with crng_init=0
[    0.000000] setup_percpu: NR_CPUS:8192 nr_cpumask_bits:2 nr_cpu_ids:2 nr_node_ids:1
[    0.000000] percpu: Embedded 46 pages/cpu @        (ptrval) s151552 r8192 d28672 u1048576
[    0.000000] PV qspinlock hash table entries: 256 (order: 0, 4096 bytes)
[    0.000000] Built 1 zonelists, mobility grouping on.  Total pages: 515961
[    0.000000] Policy zone: DMA32
[    0.000000] Kernel command line: BOOT_IMAGE=/boot/vmlinuz-4.15.0-55-generic root=UUID=3364ebc8-7e32-4850-8391-76f1de97f453 ro console=tty1 console=ttyS0
[    0.000000] Memory: 2015120K/2096696K available (12300K kernel code, 2473K rwdata, 4276K rodata, 2408K init, 2416K bss, 81576K reserved, 0K cma-reserved)
[    0.000000] SLUB: HWalign=64, Order=0-3, MinObjects=0, CPUs=2, Nodes=1
[    0.000000] Kernel/User page tables isolation: enabled
[    0.000000] ftrace: allocating 39219 entries in 154 pages
[    0.004000] Hierarchical RCU implementation.
[    0.004000] 	RCU restricting CPUs from NR_CPUS=8192 to nr_cpu_ids=2.
[    0.004000] 	Tasks RCU enabled.
[    0.004000] RCU: Adjusting geometry for rcu_fanout_leaf=16, nr_cpu_ids=2
[    0.004000] NR_IRQS: 524544, nr_irqs: 440, preallocated irqs: 16
[    0.004000] Console: colour VGA+ 80x25
[    0.004000] console [tty1] enabled
[    0.004000] console [ttyS0] enabled
[    0.004000] ACPI: Core revision 20170831
[    0.004000] ACPI: 2 ACPI AML tables successfully acquired and loaded
[    0.004000] APIC: Switch to symmetric I/O mode setup
[    0.004000] x2apic enabled
[    0.004000] Switched APIC routing to physical x2apic.
[    0.004000] ..TIMER: vector=0x30 apic1=0 pin1=2 apic2=-1 pin2=-1
[    0.004000] tsc: Detected 3192.616 MHz processor
[    0.004012] Calibrating delay loop (skipped) preset value.. 6385.23 BogoMIPS (lpj=12770464)
[    0.005212] pid_max: default: 32768 minimum: 301
[    0.005843] Security Framework initialized
[    0.006370] Yama: becoming mindful.
[    0.006850] AppArmor: AppArmor initialized
[    0.007758] Dentry cache hash table entries: 262144 (order: 9, 2097152 bytes)
[    0.008215] Inode-cache hash table entries: 131072 (order: 8, 1048576 bytes)
[    0.009092] Mount-cache hash table entries: 4096 (order: 3, 32768 bytes)
[    0.009929] Mountpoint-cache hash table entries: 4096 (order: 3, 32768 bytes)
[    0.010991] mce: CPU supports 0 MCE banks
[    0.012013] Last level iTLB entries: 4KB 1024, 2MB 1024, 4MB 1024
[    0.012762] Last level dTLB entries: 4KB 1024, 2MB 1024, 4MB 1024, 1GB 4
[    0.013585] Spectre V2 : Mitigation: Full generic retpoline
[    0.014368] Spectre V2 : Spectre v2 / SpectreRSB mitigation: Filling RSB on context switch
[    0.015377] Speculative Store Bypass: Vulnerable
[    0.016023] MDS: Vulnerable: Clear CPU buffers attempted, no microcode
[    0.016852] Freeing SMP alternatives memory: 36K
[    0.020000] smpboot: CPU0: Intel(R) Core(TM) i7-4790S CPU @ 3.20GHz (family: 0x6, model: 0x3c, stepping: 0x3)
[    0.020000] Performance Events: unsupported p6 CPU model 60 no PMU driver, software events only.
[    0.020000] Hierarchical SRCU implementation.
[    0.020219] NMI watchdog: Perf event create on CPU 0 failed with -2
[    0.021174] NMI watchdog: Perf NMI watchdog permanently disabled
[    0.022109] smp: Bringing up secondary CPUs ...
[    0.022884] x86: Booting SMP configuration:
[    0.023685] .... node  #0, CPUs:      #1
[    0.004000] kvm-clock: cpu 1, msr 0:7ff44041, secondary cpu clock
[    0.004000] mce: CPU supports 0 MCE banks
[    0.027548] smp: Brought up 1 node, 2 CPUs
[    0.028003] smpboot: Max logical packages: 1
[    0.028665] smpboot: Total of 2 processors activated (12770.46 BogoMIPS)
[    0.029780] devtmpfs: initialized
[    0.029780] x86/mm: Memory block size: 128MB
[    0.029780] evm: security.selinux
[    0.030019] evm: security.SMACK64
[    0.032002] evm: security.SMACK64EXEC
[    0.032581] evm: security.SMACK64TRANSMUTE
[    0.033218] evm: security.SMACK64MMAP
[    0.033822] evm: security.apparmor
[    0.034388] evm: security.ima
[    0.034900] evm: security.capability
[    0.036070] clocksource: jiffies: mask: 0xffffffff max_cycles: 0xffffffff, max_idle_ns: 7645041785100000 ns
[    0.037473] futex hash table entries: 512 (order: 3, 32768 bytes)
[    0.038412] pinctrl core: initialized pinctrl subsystem
[    0.039307] RTC time:  7:14:33, date: 08/15/19
[    0.040060] NET: Registered protocol family 16
[    0.040831] audit: initializing netlink subsys (disabled)
[    0.041689] audit: type=2000 audit(1565853278.390:1): state=initialized audit_enabled=0 res=1
[    0.041689] cpuidle: using governor ladder
[    0.044006] cpuidle: using governor menu
[    0.044709] ACPI: bus type PCI registered
[    0.045355] acpiphp: ACPI Hot Plug PCI Controller Driver version: 0.5
[    0.046446] PCI: Using configuration type 1 for base access
[    0.048320] HugeTLB registered 2.00 MiB page size, pre-allocated 0 pages
[    0.049051] ACPI: Added _OSI(Module Device)
[    0.049051] ACPI: Added _OSI(Processor Device)
[    0.049487] ACPI: Added _OSI(3.0 _SCP Extensions)
[    0.050260] ACPI: Added _OSI(Processor Aggregator Device)
[    0.052003] ACPI: Added _OSI(Linux-Dell-Video)
[    0.052712] ACPI: Added _OSI(Linux-Lenovo-NV-HDMI-Audio)
[    0.053509] ACPI: Added _OSI(Linux-HPI-Hybrid-Graphics)
[    0.054545] ACPI: Executed 1 blocks of module-level executable AML code
[    0.058838] ACPI: Interpreter enabled
[    0.059434] ACPI: (supports S0 S5)
[    0.059986] ACPI: Using IOAPIC for interrupt routing
[    0.060182] PCI: Using host bridge windows from ACPI; if necessary, use "pci=nocrs" and report a bug
[    0.061654] ACPI: Enabled 2 GPEs in block 00 to 07
[    0.068474] ACPI: PCI Root Bridge [PCI0] (domain 0000 [bus 00-ff])
[    0.069497] acpi PNP0A03:00: _OSC: OS supports [ASPM ClockPM Segments MSI]
[    0.070754] acpi PNP0A03:00: _OSC: not requesting OS control; OS requires [ExtendedConfig ASPM ClockPM MSI]
[    0.072034] acpi PNP0A03:00: fail to add MMCONFIG information, can't access extended PCI configuration space under this bridge.
[    0.074075] PCI host bridge to bus 0000:00
[    0.074720] pci_bus 0000:00: root bus resource [io  0x0000-0x0cf7 window]
[    0.076002] pci_bus 0000:00: root bus resource [io  0x0d00-0xffff window]
[    0.076991] pci_bus 0000:00: root bus resource [mem 0x000a0000-0x000bffff window]
[    0.078121] pci_bus 0000:00: root bus resource [mem 0x80000000-0xfdffffff window]
[    0.079262] pci_bus 0000:00: root bus resource [bus 00-ff]
[    0.081555] pci 0000:00:01.1: legacy IDE quirk: reg 0x10: [io  0x01f0-0x01f7]
[    0.082618] pci 0000:00:01.1: legacy IDE quirk: reg 0x14: [io  0x03f6]
[    0.084002] pci 0000:00:01.1: legacy IDE quirk: reg 0x18: [io  0x0170-0x0177]
[    0.085605] pci 0000:00:01.1: legacy IDE quirk: reg 0x1c: [io  0x0376]
[    0.105086] pci 0000:00:07.0: quirk: [io  0x4000-0x403f] claimed by PIIX4 ACPI
[    0.106345] pci 0000:00:07.0: quirk: [io  0x4100-0x410f] claimed by PIIX4 SMB
[    0.119414] ACPI: PCI Interrupt Link [LNKA] (IRQs 5 9 10 *11)
[    0.120274] ACPI: PCI Interrupt Link [LNKB] (IRQs 5 9 *10 11)
[    0.121213] ACPI: PCI Interrupt Link [LNKC] (IRQs 5 *9 10 11)
[    0.122174] ACPI: PCI Interrupt Link [LNKD] (IRQs 5 9 10 *11)
[    0.123367] SCSI subsystem initialized
[    0.124036] pci 0000:00:02.0: vgaarb: setting as boot VGA device
[    0.124944] pci 0000:00:02.0: vgaarb: VGA device added: decodes=io+mem,owns=io+mem,locks=none
[    0.126237] pci 0000:00:02.0: vgaarb: bridge control possible
[    0.127113] vgaarb: loaded
[    0.127516] ACPI: bus type USB registered
[    0.128019] usbcore: registered new interface driver usbfs
[    0.128957] usbcore: registered new interface driver hub
[    0.129806] usbcore: registered new device driver usb
[    0.130669] EDAC MC: Ver: 3.0.0
[    0.132058] PCI: Using ACPI for IRQ routing
[    0.133137] NetLabel: Initializing
[    0.133617] NetLabel:  domain hash size = 128
[    0.134190] NetLabel:  protocols = UNLABELED CIPSOv4 CALIPSO
[    0.134898] NetLabel:  unlabeled traffic allowed by default
[    0.136051] clocksource: Switched to clocksource kvm-clock
[    0.144951] VFS: Disk quotas dquot_6.6.0
[    0.145651] VFS: Dquot-cache hash table entries: 512 (order 0, 4096 bytes)
[    0.146800] AppArmor: AppArmor Filesystem Enabled
[    0.147563] pnp: PnP ACPI init
[    0.148918] pnp: PnP ACPI: found 3 devices
[    0.158022] clocksource: acpi_pm: mask: 0xffffff max_cycles: 0xffffff, max_idle_ns: 2085701024 ns
[    0.159424] NET: Registered protocol family 2
[    0.160290] TCP established hash table entries: 16384 (order: 5, 131072 bytes)
[    0.161431] TCP bind hash table entries: 16384 (order: 6, 262144 bytes)
[    0.162642] TCP: Hash tables configured (established 16384 bind 16384)
[    0.163687] UDP hash table entries: 1024 (order: 3, 32768 bytes)
[    0.164600] UDP-Lite hash table entries: 1024 (order: 3, 32768 bytes)
[    0.165595] NET: Registered protocol family 1
[    0.166298] pci 0000:00:00.0: Limiting direct PCI/PCI transfers
[    0.167205] pci 0000:00:01.0: Activating ISA DMA hang workarounds
[    0.168170] pci 0000:00:02.0: Video device with shadowed ROM at [mem 0x000c0000-0x000dffff]
[    0.169485] Unpacking initramfs...
[    0.397721] Freeing initrd memory: 19656K
[    0.398418] clocksource: tsc: mask: 0xffffffffffffffff max_cycles: 0x2e050ab5685, max_idle_ns: 440795314205 ns
[    0.400022] platform rtc_cmos: registered platform RTC device (no PNP device found)
[    0.401234] Scanning for low memory corruption every 60 seconds
[    0.402620] Initialise system trusted keyrings
[    0.403337] Key type blacklist registered
[    0.404015] workingset: timestamp_bits=36 max_order=19 bucket_order=0
[    0.405781] zbud: loaded
[    0.406675] squashfs: version 4.0 (2009/01/31) Phillip Lougher
[    0.407811] fuse init (API version 7.26)
[    0.410496] Key type asymmetric registered
[    0.411084] Asymmetric key parser 'x509' registered
[    0.411733] Block layer SCSI generic (bsg) driver version 0.4 loaded (major 246)
[    0.412926] io scheduler noop registered
[    0.413432] io scheduler deadline registered
[    0.413988] io scheduler cfq registered (default)
[    0.414812] ACPI: AC Adapter [AC] (on-line)
[    0.415381] input: Power Button as /devices/LNXSYSTM:00/LNXPWRBN:00/input/input0
[    0.416407] ACPI: Power Button [PWRF]
[    0.416950] input: Sleep Button as /devices/LNXSYSTM:00/LNXSLPBN:00/input/input1
[    0.417874] ACPI: Sleep Button [SLPF]
[    0.418590] Serial: 8250/16550 driver, 32 ports, IRQ sharing enabled
 	
 !"#$%&'()*+,-./0123456789:;<=>?@ABCDEFGHIJKLMNOPQRSTUVWXYZ[\]^_`abcdefghijklmnopqrstuvwxyz{|}~€‚ƒ„…†‡ˆ‰Š‹ŒŽ‘’“”•–—˜™š›œžŸ ¡¢£¤¥¦§¨©ª«¬­®¯°±²³´µ¶·¸¹º»¼½¾¿ÀÁÂÃÄÅÆÇÈÉÊËÌÍÎÏÐÑÒÓÔÕÖ×ØÙÚÛÜÝÞßàáâãäåæçèéêëìíîïðñòóôõö÷øùúûüýþÿ[    0.441297] 00:02: ttyS0 at I/O 0x3f8 (irq = 4, base_baud = 115200) is a 16550A
[    0.445502] Linux agpgart interface v0.103
[    0.447670] loop: module loaded
[    0.448804] scsi host0: ata_piix
[    0.449469] scsi host1: ata_piix
[    0.449985] ata1: PATA max UDMA/33 cmd 0x1f0 ctl 0x3f6 bmdma 0xd000 irq 14
[    0.450940] ata2: PATA max UDMA/33 cmd 0x170 ctl 0x376 bmdma 0xd008 irq 15
[    0.452411] libphy: Fixed MDIO Bus: probed
[    0.453072] tun: Universal TUN/TAP device driver, 1.6
[    0.453917] PPP generic driver version 2.4.2
[    0.454679] ehci_hcd: USB 2.0 'Enhanced' Host Controller (EHCI) Driver
[    0.455674] ehci-pci: EHCI PCI platform driver
[    0.456425] ehci-platform: EHCI generic platform driver
[    0.457232] ohci_hcd: USB 1.1 'Open' Host Controller (OHCI) Driver
[    0.458170] ohci-pci: OHCI PCI platform driver
[    0.458864] ohci-platform: OHCI generic platform driver
[    0.459708] uhci_hcd: USB Universal Host Controller Interface driver
[    0.460767] i8042: PNP: PS/2 Controller [PNP0303:PS2K,PNP0f03:PS2M] at 0x60,0x64 irq 1,12
[    0.462409] serio: i8042 KBD port at 0x60,0x64 irq 1
[    0.463190] serio: i8042 AUX port at 0x60,0x64 irq 12
[    0.464241] mousedev: PS/2 mouse device common for all mice
[    0.465676] rtc_cmos rtc_cmos: rtc core: registered rtc_cmos as rtc0
[    0.466707] input: AT Translated Set 2 keyboard as /devices/platform/i8042/serio0/input/input2
[    0.468059] rtc_cmos rtc_cmos: alarms up to one day, 114 bytes nvram
[    0.469138] i2c /dev entries driver
[    0.469755] device-mapper: uevent: version 1.0.3
[    0.470604] device-mapper: ioctl: 4.37.0-ioctl (2017-09-20) initialised: dm-devel@redhat.com
[    0.472002] ledtrig-cpu: registered to indicate activity on CPUs
[    0.473332] NET: Registered protocol family 10
[    0.477164] Segment Routing with IPv6
[    0.477851] NET: Registered protocol family 17
[    0.478569] Key type dns_resolver registered
[    0.479574] RAS: Correctable Errors collector initialized.
[    0.480547] sched_clock: Marking stable (480531027, 0)->(710163437, -229632410)
[    0.482062] registered taskstats version 1
[    0.482752] Loading compiled-in X.509 certificates
[    0.485284] Loaded X.509 cert 'Build time autogenerated kernel key: 2ed9c0a78927f1fed24db33f01fd983502d97350'
[    0.486798] zswap: loaded using pool lzo/zbud
[    0.490290] Key type big_key registered
[    0.490962] Key type trusted registered
[    0.493163] Key type encrypted registered
[    0.493868] AppArmor: AppArmor sha1 policy hashing enabled
[    0.494803] ima: No TPM chip found, activating TPM-bypass! (rc=-19)
[    0.495768] ima: Allocated hash algorithm: sha1
[    0.496549] evm: HMAC attrs: 0x1
[    0.497460]   Magic number: 15:48:218
[    0.498123] rtc_cmos rtc_cmos: setting system clock to 2019-08-15 07:14:33 UTC (1565853273)
[    0.499588] BIOS EDD facility v0.16 2004-Jun-25, 0 devices found
[    0.500590] EDD information not available.
[    0.621356] Freeing unused kernel image memory: 2408K
[    0.628490] Write protecting the kernel read-only data: 20480k
[    0.633997] Freeing unused kernel image memory: 2008K
[    0.638311] Freeing unused kernel image memory: 1868K
[    0.654622] x86/mm: Checked W+X mappings: passed, no W+X pages found.
[    0.656842] x86/mm: Checking user space page tables
[    0.671034] x86/mm: Checked W+X mappings: passed, no W+X pages found.
Loading, please wait...
starting version 237
[    0.727320] e1000: Intel(R) PRO/1000 Network Driver - version 7.3.21-k8-NAPI
[    0.728226] e1000: Copyright (c) 1999-2006 Intel Corporation.
[    0.732309] Fusion MPT base driver 3.04.20
[    0.732965] Copyright (c) 1999-2008 LSI Corporation
[    0.747500] Fusion MPT SPI Host driver 3.04.20
[    0.751648] AVX2 version of gcm_enc/dec engaged.
[    0.752412] AES CTR mode by8 optimization enabled
[    0.941171] input: ImExPS/2 Generic Explorer Mouse as /devices/platform/i8042/serio1/input/input4
[    1.119904] e1000 0000:00:03.0 eth0: (PCI:33MHz:32-bit) 02:3b:4e:3f:5a:8d
[    1.120929] e1000 0000:00:03.0 eth0: Intel(R) PRO/1000 Network Connection
[    1.122767] mptbase: ioc0: Initiating bringup
[    1.216707] ioc0: LSI53C1030 A0: Capabilities={Initiator}
[    1.462549] scsi host2: ioc0: LSI53C1030 A0, FwRev=00000000h, Ports=1, MaxQ=256, IRQ=20
[    1.633452] scsi 2:0:0:0: Direct-Access     VBOX     HARDDISK         1.0  PQ: 0 ANSI: 5
[    1.668454] scsi target2:0:0: Beginning Domain Validation
[    1.688685] scsi target2:0:0: Domain Validation skipping write tests
[    1.691886] scsi target2:0:0: Ending Domain Validation
[    1.694189] scsi target2:0:0: asynchronous
[    1.712218] scsi 2:0:1:0: Direct-Access     VBOX     HARDDISK         1.0  PQ: 0 ANSI: 5
[    1.746468] scsi target2:0:1: Beginning Domain Validation
[    1.756934] random: fast init done
[    1.757405] scsi target2:0:1: Domain Validation skipping write tests
[    1.758204] scsi target2:0:1: Ending Domain Validation
[    1.758893] scsi target2:0:1: asynchronous
[    1.762367] random: systemd-udevd: uninitialized urandom read (16 bytes read)
[    1.763258] random: systemd-udevd: uninitialized urandom read (16 bytes read)
[    1.764148] random: systemd-udevd: uninitialized urandom read (16 bytes read)
[    1.765251] sd 2:0:0:0: [sda] 20971520 512-byte logical blocks: (10.7 GB/10.0 GiB)
[    1.766264] sd 2:0:0:0: [sda] Write Protect is off
[    1.766953] sd 2:0:0:0: [sda] Incomplete mode parameter data
[    1.767733] sd 2:0:0:0: [sda] Assuming drive cache: write through
[    1.769247] sd 2:0:0:0: Attached scsi generic sg0 type 0
[    1.770027]  sda: sda1
[    1.770710] sd 2:0:0:0: [sda] Attached SCSI disk
[    1.771893] sd 2:0:1:0: [sdb] 20480 512-byte logical blocks: (10.5 MB/10.0 MiB)
[    1.773263] sd 2:0:1:0: [sdb] Write Protect is off
[    1.774282] sd 2:0:1:0: Attached scsi generic sg1 type 0
[    1.775676] sd 2:0:1:0: [sdb] Incomplete mode parameter data
[    1.776445] sd 2:0:1:0: [sdb] Assuming drive cache: write through
[    1.792390] sd 2:0:1:0: [sdb] Attached SCSI disk
[    2.035452] e1000 0000:00:08.0 eth1: (PCI:33MHz:32-bit) 08:00:27:c8:a4:bf
[    2.036306] e1000 0000:00:08.0 eth1: Intel(R) PRO/1000 Network Connection
[    2.037913] e1000 0000:00:03.0 enp0s3: renamed from eth0
[    2.052905] e1000 0000:00:08.0 enp0s8: renamed from eth1
Begin: Loading essential drivers ... [    3.460085] raid6: sse2x1   gen() 11634 MB/s
[    3.508035] raid6: sse2x1   xor()  8145 MB/s
[    3.556054] raid6: sse2x2   gen() 13741 MB/s
[    3.604073] raid6: sse2x2   xor()  8622 MB/s
[    3.652071] raid6: sse2x4   gen() 16424 MB/s
[    3.700088] raid6: sse2x4   xor() 10110 MB/s
[    3.748055] raid6: avx2x1   gen() 22326 MB/s
[    3.796104] raid6: avx2x1   xor() 14965 MB/s
[    3.844102] raid6: avx2x2   gen() 26021 MB/s
[    3.892116] raid6: avx2x2   xor() 16166 MB/s
[    3.940119] raid6: avx2x4   gen() 28971 MB/s
[    3.988113] raid6: avx2x4   xor() 18648 MB/s
[    3.988816] raid6: using algorithm avx2x4 gen() 28971 MB/s
[    3.989503] raid6: .... xor() 18648 MB/s, rmw enabled
[    3.990356] raid6: using avx2x2 recovery algorithm
[    3.992486] xor: automatically using best checksumming function   avx       
[    3.994966] async_tx: api initialized (async)
done.
Begin: Running /scripts/init-premount ... done.
Begin: Mounting root file system ... Begin: Running /scripts/local-top ... done.
Begin: Running /scripts/local-premount ... [    4.033791] Btrfs loaded, crc32c=crc32c-intel
Scanning for Btrfs filesystems
done.
Warning: fsck not present, so skipping root file system
[    4.057302] EXT4-fs (sda1): INFO: recovery required on readonly filesystem
[    4.058219] EXT4-fs (sda1): write access will be enabled during recovery
[    4.283043] EXT4-fs (sda1): orphan cleanup on readonly fs
[    4.283891] EXT4-fs (sda1): 6 orphan inodes deleted
[    4.284527] EXT4-fs (sda1): recovery complete
[    4.285521] EXT4-fs (sda1): mounted filesystem with ordered data mode. Opts: (null)
done.
Begin: Running /scripts/local-bottom ... done.
Begin: Running /scripts/init-bottom ... done.
[    5.109451] ip_tables: (C) 2000-2006 Netfilter Core Team
[    5.153644] systemd[1]: systemd 237 running in system mode. (+PAM +AUDIT +SELINUX +IMA +APPARMOR +SMACK +SYSVINIT +UTMP +LIBCRYPTSETUP +GCRYPT +GNUTLS +ACL +XZ +LZ4 +SECCOMP +BLKID +ELFUTILS +KMOD -IDN2 +IDN -PCRE2 default-hierarchy=hybrid)
[    5.164478] systemd[1]: Detected virtualization oracle.
[    5.167205] systemd[1]: Detected architecture x86-64.

Welcome to [1mUbuntu 18.04.2 LTS[0m!

[    5.186418] systemd[1]: Set hostname to <ubuntu-bionic>.
[    5.994654] random: crng init done
[    5.997448] random: 7 urandom warning(s) missed due to ratelimiting
[    6.413443] systemd[1]: Set up automount Arbitrary Executable File Formats File System Automount Point.
[[0;32m  OK  [0m] Set up automount Arbitrary Executabâ€¦rmats File System Automount Point.
[    6.420087] systemd[1]: Created slice User and Session Slice.
[[0;32m  OK  [0m] Created slice User and Session Slice.
[    6.422737] systemd[1]: Reached target Swap.
[[0;32m  OK  [0m] Reached target Swap.
[    6.436434] systemd[1]: Reached target System Time Synchronized.
[[0;32m  OK  [0m] Reached target System Time Synchronized.
[    6.438038] systemd[1]: Created slice System Slice.
[[0;32m  OK  [0m] Created slice System Slice.
[    6.439246] systemd[1]: Listening on LVM2 metadata daemon socket.
[[0;32m  OK  [0m] Listening on LVM2 metadata daemon socket.
[[0;32m  OK  [0m] Listening on Syslog Socket.
[[0;32m  OK  [0m] Listening on Device-mapper event daemon FIFOs.
[[0;32m  OK  [0m] Reached target Slices.
[[0;32m  OK  [0m] Listening on Network Service Netlink Socket.
[[0;32m  OK  [0m] Listening on LVM2 poll daemon socket.
[[0;32m  OK  [0m] Listening on udev Control Socket.
[[0;32m  OK  [0m] Listening on /dev/initctl Compatibility Named Pipe.
[[0;32m  OK  [0m] Listening on Journal Socket.
         Starting Load Kernel Modules...
         Starting Uncomplicated firewall...
         Starting Monitoring of LVM2 mirrorsâ€¦ng dmeventd or progress polling...
         Starting Create list of required stâ€¦ce nodes for the current kernel...
         Mounting Huge Pages File System...
         Mounting Kernel Debug File System...
[[0;32m  OK  [0m] Listening on Journal Socket (/dev/log).
[[0;32m  OK  [0m] Created slice system-serial\x2dgetty.slice.
         Starting Set the console keyboard layout...
[[0;32m  OK  [0m] Reached target User and Group Name Lookups.
         Mounting POSIX Message Queue File System...
[[0;32m  OK  [0m] Listening on udev Kernel Socket.
         Starting udev Coldplug all Devices...
[[0;32m  OK  [0m] Started Forward Password Requests to Wall Directory Watch.
         Starting Remount Root and Kernel File Systems...
[[0;32m  OK  [0m] Listening on Journal Audit Socket.
         Starting Journal Service...
[[0;32m  OK  [0m] Started udev Coldplug all Devices.
[    6.532104] Loading iSCSI transport class v2.0-870.
[    6.546353] iscsi: registered transport (tcp)
[    6.578477] iscsi: registered transport (iser)
[[0;32m  OK  [0m] Started Load Kernel Modules.
         Mounting Kernel Configuration File System...
         Starting Apply Kernel Variables...
         Mounting FUSE Control File System...
[[0;32m  OK  [0m] Started Uncomplicated firewall.
[[0;32m  OK  [0m] Started Create list of required staâ€¦vice nodes for the current kernel.
         Starting Create Static Device Nodes in /dev...
[[0;32m  OK  [0m] Started Journal Service.
[[0;32m  OK  [0m] Started Apply Kernel Variables.
[[0;32m  OK  [0m] Started Create Static Device Nodes in /dev.
[[0;32m  OK  [0m] Mounted Huge Pages File System.
[[0;32m  OK  [0m] Mounted Kernel Debug File System.
[[0;32m  OK  [0m] Mounted POSIX Message Queue File System.
[[0;32m  OK  [0m] Mounted Kernel Configuration File System.
[[0;32m  OK  [0m] Mounted FUSE Control File System.
[[0;32m  OK  [0m] Started LVM2 metadata daemon.
[[0;32m  OK  [0m] Started Remount Root and Kernel File Systems.
         Starting Load/Save Random Seed...
         Starting udev Kernel Device Manager...
         Starting Flush Journal to Persistent Storage...
[[0;32m  OK  [0m] Started Load/Save Random Seed.
[[0;32m  OK  [0m] Started Monitoring of LVM2 mirrors,â€¦sing dmeventd or progress polling.
[[0;32m  OK  [0m] Started udev Kernel Device Manager.
[[0;32m  OK  [0m] Started Flush Journal to Persistent Storage.
[[0;32m  OK  [0m] Found device /dev/ttyS0.
[[0;32m  OK  [0m] Listening on Load/Save RF Kill Switch Status /dev/rfkill Watch.
[[0;32m  OK  [0m] Started Set the console keyboard layout.
[[0;32m  OK  [0m] Started Dispatch Password Requests to Console Directory Watch.
[[0;32m  OK  [0m] Reached target Local Encrypted Volumes.
[[0;32m  OK  [0m] Reached target Local File Systems (Pre).
[[0;32m  OK  [0m] Reached target Local File Systems.
         Starting Tell Plymouth To Write Out Runtime Data...
         Starting Set console font and keymap...
         Starting AppArmor initialization...
         Starting Create Volatile Files and Directories...
         Starting ebtables ruleset management...
[[0;32m  OK  [0m] Started Set console font and keymap.
[[0;32m  OK  [0m] Started Tell Plymouth To Write Out Runtime Data.
[[0;32m  OK  [0m] Started Create Volatile Files and Directories.
         Starting Update UTMP about System Boot/Shutdown...
[[0;32m  OK  [0m] Started Update UTMP about System Boot/Shutdown.
[[0;32m  OK  [0m] Started ebtables ruleset management.
[[0;32m  OK  [0m] Started AppArmor initialization.
         Starting Initial cloud-init job (pre-networking)...
[   12.827424] cloud-init[695]: Cloud-init v. 19.1-1-gbaa47854-0ubuntu1~18.04.1 running 'init-local' at Thu, 15 Aug 2019 07:14:45 +0000. Up 12.38 seconds.
[[0;32m  OK  [0m] Started Initial cloud-init job (pre-networking).
[[0;32m  OK  [0m] Reached target Network (Pre).
         Starting Network Service...
[[0;32m  OK  [0m] Started Network Service.
         Starting Wait for Network to be Configured...
         Starting Network Name Resolution...
[[0;32m  OK  [0m] Started Network Name Resolution.
[[0;32m  OK  [0m] Reached target Host and Network Name Lookups.
[[0;32m  OK  [0m] Reached target Network.
[[0;32m  OK  [0m] Started Wait for Network to be Configured.
         Starting Initial cloud-init job (metadata service crawler)...
[   15.063112] cloud-init[819]: Cloud-init v. 19.1-1-gbaa47854-0ubuntu1~18.04.1 running 'init' at Thu, 15 Aug 2019 07:14:47 +0000. Up 14.88 seconds.
[   15.064193] cloud-init[819]: ci-info: ++++++++++++++++++++++++++++++++++++++Net device info+++++++++++++++++++++++++++++++++++++++
[   15.064864] cloud-init[819]: ci-info: +--------+------+-----------------------------+---------------+--------+-------------------+
[   15.065521] cloud-init[819]: ci-info: | Device |  Up  |           Address           |      Mask     | Scope  |     Hw-Address    |
[   15.066147] cloud-init[819]: ci-info: +--------+------+-----------------------------+---------------+--------+-------------------+
[   15.067177] cloud-init[819]: ci-info: | enp0s3 | True |          10.0.2.15          | 255.255.255.0 | global | 02:3b:4e:3f:5a:8d |
[   15.080663] cloud-init[819]: ci-info: | enp0s3 | True |  fe80::3b:4eff:fe3f:5a8d/64 |       .       |  link  | 02:3b:4e:3f:5a:8d |
[   15.081399] cloud-init[819]: ci-info: | enp0s8 | True |         172.16.2.20         | 255.255.255.0 | global | 08:00:27:c8:a4:bf |
[   15.092196] cloud-init[819]: ci-info: | enp0s8 | True | fe80::a00:27ff:fec8:a4bf/64 |       .       |  link  | 08:00:27:c8:a4:bf |
[   15.093373] cloud-init[819]: ci-info: |   lo   | True |          127.0.0.1          |   255.0.0.0   |  host  |         .         |
[   15.094594] cloud-init[819]: ci-info: |   lo   | True |           ::1/128           |       .       |  host  |         .         |
[   15.104156] cloud-init[819]: ci-info: +--------+------+-----------------------------+---------------+--------+-------------------+
[   15.105183] cloud-init[819]: ci-info: ++++++++++++++++++++++++++++Route IPv4 info+++++++++++++++++++++++++++++
[   15.106163] cloud-init[819]: ci-info: +-------+-------------+----------+-----------------+-----------+-------+
[   15.107220] cloud-init[819]: ci-info: | Route | Destination | Gateway  |     Genmask     | Interface | Flags |
[   15.108301] cloud-init[819]: ci-info: +-------+-------------+----------+-----------------+-----------+-------+
[   15.109160] cloud-init[819]: ci-info: |   0   |   0.0.0.0   | 10.0.2.2 |     0.0.0.0     |   enp0s3  |   UG  |
[   15.110226] cloud-init[819]: ci-info: |   1   |   10.0.2.0  | 0.0.0.0  |  255.255.255.0  |   enp0s3  |   U   |
[   15.111495] cloud-init[819]: ci-info: |   2   |   10.0.2.2  | 0.0.0.0  | 255.255.255.255 |   enp0s3  |   UH  |
[   15.112376] cloud-init[819]: ci-info: |   3   |  172.16.2.0 | 0.0.0.0  |  255.255.255.0  |   enp0s8  |   U   |
[   15.113373] cloud-init[819]: ci-info: +-------+-------------+----------+-----------------+-----------+-------+
[   15.114468] cloud-init[819]: ci-info: +++++++++++++++++++Route IPv6 info+++++++++++++++++++
[   15.115347] cloud-init[819]: ci-info: +-------+-------------+---------+-----------+-------+
[   15.116225] cloud-init[819]: ci-info: | Route | Destination | Gateway | Interface | Flags |
[   15.117054] cloud-init[819]: ci-info: +-------+-------------+---------+-----------+-------+
[   15.117875] cloud-init[819]: ci-info: |   1   |  fe80::/64  |    ::   |   enp0s3  |   U   |
[   15.118703] cloud-init[819]: ci-info: |   2   |  fe80::/64  |    ::   |   enp0s8  |   U   |
[   15.119555] cloud-init[819]: ci-info: |   4   |    local    |    ::   |   enp0s3  |   U   |
[   15.120403] cloud-init[819]: ci-info: |   5   |    local    |    ::   |   enp0s8  |   U   |
[   15.121303] cloud-init[819]: ci-info: |   6   |   ff00::/8  |    ::   |   enp0s3  |   U   |
[   15.122044] cloud-init[819]: ci-info: |   7   |   ff00::/8  |    ::   |   enp0s8  |   U   |
[   15.122852] cloud-init[819]: ci-info: +-------+-------------+---------+-----------+-------+
[[0;32m  OK  [0m] Started Initial cloud-init job (metadata service crawler).
[[0;32m  OK  [0m] Reached target Network is Online.
[[0;32m  OK  [0m] Reached target Remote File Systems (Pre).
[[0;32m  OK  [0m] Reached target Remote File Systems.
         Starting Availability of block devices...
[[0;32m  OK  [0m] Reached target System Initialization.
         Starting Socket activation for snappy daemon.
[[0;32m  OK  [0m] Started Discard unused blocks once a week.
         Starting LXD - unix socket.
[[0;32m  OK  [0m] Started ACPI Events Check.
[[0;32m  OK  [0m] Listening on UUID daemon activation socket.
[[0;32m  OK  [0m] Started Clean PHP session files every 30 mins.
[[0;32m  OK  [0m] Started Daily Cleanup of Temporary Directories.
[[0;32m  OK  [0m] Listening on Open-iSCSI iscsid Socket.
[[0;32m  OK  [0m] Listening on D-Bus System Message Bus Socket.
[[0;32m  OK  [0m] Reached target Paths.
[[0;32m  OK  [0m] Started Message of the Day.
[[0;32m  OK  [0m] Listening on ACPID Listen Socket.
[[0;32m  OK  [0m] Started Daily apt download activities.
[[0;32m  OK  [0m] Started Daily apt upgrade and clean activities.
[[0;32m  OK  [0m] Reached target Timers.
[[0;32m  OK  [0m] Reached target Cloud-config availability.
[[0;32m  OK  [0m] Started Availability of block devices.
[[0;32m  OK  [0m] Listening on Socket activation for snappy daemon.
[[0;32m  OK  [0m] Listening on LXD - unix socket.
[[0;32m  OK  [0m] Reached target Sockets.
[[0;32m  OK  [0m] Reached target Basic System.
         Starting Accounts Service...
[[0;32m  OK  [0m] Started irqbalance daemon.
         Starting LSB: Record successful boot for GRUB...
         Starting The Apache HTTP Server...
         Starting Snappy daemon...
         Starting OpenBSD Secure Shell server...
         Starting LSB: automatic crash report generation...
[[0;32m  OK  [0m] Started Deferred execution scheduler.
         Starting System Logging Service...
         Starting Clean php session files...
         Starting Login Service...
         Starting Virtualbox guest utils...
[[0;32m  OK  [0m] Started FUSE filesystem for LXC.
[[0;32m  OK  [0m] Started D-Bus System Message Bus.
         Starting LXD - container startup/shutdown...
[[0;32m  OK  [0m] Started Regular background program processing daemon.
         Starting MySQL Community Server...
         Starting Dispatcher daemon for systemd-networkd...
         Starting Permit User Sessions...
[[0;32m  OK  [0m] Started System Logging Service.
[[0;32m  OK  [0m] Started Login Service.
[[0;32m  OK  [0m] Started Unattended Upgrades Shutdown.
[[0;32m  OK  [0m] Started LSB: automatic crash report generation.
[[0;32m  OK  [0m] Started Permit User Sessions.
         Starting Terminate Plymouth Boot Screen...
         Starting Hold until boot process finishes up...
         Starting Authorization Manager...
[[0;32m  OK  [0m] Started Terminate Plymouth Boot Screen.
[[0;32m  OK  [0m] Started Hold until boot process finishes up.
[[0;32m  OK  [0m] Started Serial Getty on ttyS0.
         Starting Set console scheme...
[[0;32m  OK  [0m] Started Set console scheme.
[[0;32m  OK  [0m] Created slice system-getty.slice.
[[0;32m  OK  [0m] Started Getty on tty1.
[[0;32m  OK  [0m] Reached target Login Prompts.
[[0;32m  OK  [0m] Started LSB: Record successful boot for GRUB.
[[0;32m  OK  [0m] Started OpenBSD Secure Shell server.
[[0;32m  OK  [0m] Started Virtualbox guest utils.
[[0;32m  OK  [0m] Started Authorization Manager.
[[0;32m  OK  [0m] Started Accounts Service.
[[0;32m  OK  [0m] Started Snappy daemon.
         Starting Wait until snapd is fully seeded...
[[0;32m  OK  [0m] Started Dispatcher daemon for systemd-networkd.
[   28.299748] cloud-init[1403]: Cloud-init v. 19.1-1-gbaa47854-0ubuntu1~18.04.1 running 'modules:config' at Thu, 15 Aug 2019 07:15:00 +0000. Up 27.72 seconds.

Ubuntu 18.04.2 LTS ubuntu-bionic ttyS0

ubuntu-bionic login: [   37.605728] cloud-init[1830]: Cloud-init v. 19.1-1-gbaa47854-0ubuntu1~18.04.1 running 'modules:final' at Thu, 15 Aug 2019 07:15:10 +0000. Up 37.40 seconds.
[   37.605819] cloud-init[1830]: Cloud-init v. 19.1-1-gbaa47854-0ubuntu1~18.04.1 finished at Thu, 15 Aug 2019 07:15:10 +0000. Datasource DataSourceNoCloud [seed=/dev/sdb][dsmode=net].  Up 37.60 seconds
